闸门: champ_wr 收缩 vs >=3 硬阈值
  折数 12  种子 10  K [20.0, 40.0, 80.0, 1000000.0]  判据 |t| > 2.5

构建训练矩阵 (每个变体一次)…
       基线(>=3): 8634 场, 建矩阵 117s, 逐位置 champ_wr 缺失 30.5% (10 列)
     收缩 K=20.0: 8634 场, 建矩阵 118s, 逐位置 champ_wr 缺失 0.0% (10 列)
     收缩 K=40.0: 8634 场, 建矩阵 118s, 逐位置 champ_wr 缺失 0.0% (10 列)
     收缩 K=80.0: 8634 场, 建矩阵 120s, 逐位置 champ_wr 缺失 0.0% (10 列)
  收缩 K=1000000.0: 8634 场, 建矩阵 119s, 逐位置 champ_wr 缺失 0.0% (10 列)

post_draft: 112 特征, 8634 场, 切分点 4317…7634, 每折测 1000 场

  fold 1/12 (训  4317, 32s)  baseline 0.6233  K=20 0.6347  K=40 0.6338  K=80 0.6347  K=1e+06 0.6377
  fold 2/12 (训  4618, 33s)  baseline 0.6303  K=20 0.6419  K=40 0.6422  K=80 0.6383  K=1e+06 0.6425
  fold 3/12 (训  4920, 32s)  baseline 0.6266  K=20 0.6344  K=40 0.6377  K=80 0.6407  K=1e+06 0.6355
  fold 4/12 (训  5221, 33s)  baseline 0.6430  K=20 0.6450  K=40 0.6419  K=80 0.6431  K=1e+06 0.6397
  fold 5/12 (训  5523, 33s)  baseline 0.6291  K=20 0.6314  K=40 0.6290  K=80 0.6290  K=1e+06 0.6258
  fold 6/12 (训  5824, 34s)  baseline 0.6152  K=20 0.6206  K=40 0.6182  K=80 0.6131  K=1e+06 0.6182
  fold 7/12 (训  6126, 34s)  baseline 0.6102  K=20 0.6114  K=40 0.6074  K=80 0.6118  K=1e+06 0.6112
  fold 8/12 (训  6427, 35s)  baseline 0.5913  K=20 0.6038  K=40 0.5987  K=80 0.6036  K=1e+06 0.5994
  fold 9/12 (训  6729, 34s)  baseline 0.5938  K=20 0.6033  K=40 0.6043  K=80 0.6053  K=1e+06 0.5984
  fold 10/12 (训  7030, 36s)  baseline 0.6249  K=20 0.6270  K=40 0.6249  K=80 0.6261  K=1e+06 0.6255
  fold 11/12 (训  7332, 36s)  baseline 0.6186  K=20 0.6294  K=40 0.6262  K=80 0.6268  K=1e+06 0.6287
  fold 12/12 (训  7634, 36s)  baseline 0.6265  K=20 0.6284  K=40 0.6282  K=80 0.6238  K=1e+06 0.6290

================================================================
          变体       准确率     Brier       ECE
    baseline    0.6194    0.2313    0.0629
        K=20    0.6259    0.2296    0.0596
        K=40    0.6244    0.2296    0.0610
        K=80    0.6247    0.2296    0.0608
     K=1e+06    0.6243    0.2294    0.0598

配对 t 检验 (对基线):
      K=20 准确率    Δ=+0.00654  配对SD=0.00450  t=+5.03  -> 采纳(但见多重比较警告)
      K=20 Brier  Δ=+0.00171  配对SD=0.00156  t=+3.79  -> 采纳(但见多重比较警告)
      K=20 ECE    Δ=+0.00327  配对SD=0.00365  t=+3.10  -> 采纳(但见多重比较警告)
      K=40 准确率    Δ=+0.00497  配对SD=0.00541  t=+3.19  -> 采纳(但见多重比较警告)
      K=40 Brier  Δ=+0.00166  配对SD=0.00146  t=+3.96  -> 采纳(但见多重比较警告)
      K=40 ECE    Δ=+0.00182  配对SD=0.00390  t=+1.62  -> 存疑
      K=80 准确率    Δ=+0.00529  配对SD=0.00620  t=+2.96  -> 采纳(但见多重比较警告)
      K=80 Brier  Δ=+0.00164  配对SD=0.00157  t=+3.62  -> 采纳(但见多重比较警告)
      K=80 ECE    Δ=+0.00211  配对SD=0.00461  t=+1.59  -> 存疑
   K=1e+06 准确率    Δ=+0.00490  配对SD=0.00583  t=+2.91  -> 采纳(但见多重比较警告)
   K=1e+06 Brier  Δ=+0.00187  配对SD=0.00149  t=+4.34  -> 采纳(但见多重比较警告)
   K=1e+06 ECE    Δ=+0.00311  配对SD=0.00480  t=+2.24  -> 存疑

================================================================
⚠ 多重比较警告: 本次同时检验了 4 个 K × 3 个指标 = 12 次比较。
  单次 |t| > 2.5 的阈值在这种情况下**偏松**, 上面的'采纳'只应
  当作『值得复核』。正确做法是拿过闸的 K 单独重跑全新的折:
      python research/gate_champ_shrinkage.py --ks 20 --folds 10
      python research/gate_champ_shrinkage.py --ks 20 --folds 10
      python research/gate_champ_shrinkage.py --ks 20 --folds 10
      python research/gate_champ_shrinkage.py --ks 40 --folds 10
      python research/gate_champ_shrinkage.py --ks 40 --folds 10
      python research/gate_champ_shrinkage.py --ks 80 --folds 10
      python research/gate_champ_shrinkage.py --ks 80 --folds 10
      python research/gate_champ_shrinkage.py --ks 1e+06 --folds 10
      python research/gate_champ_shrinkage.py --ks 1e+06 --folds 10

结果已落盘: research/champ_shrinkage_kscan.json
