闸门: champ_wr 收缩 vs >=3 硬阈值
  折数 12  种子 10  K [5.0, 10.0, 20.0]  判据 |t| > 2.5

构建训练矩阵 (每个变体一次)…
       基线(>=3): 8634 场, 建矩阵 117s, 逐位置 champ_wr 缺失 30.5% (10 列)
      收缩 K=5.0: 8634 场, 建矩阵 118s, 逐位置 champ_wr 缺失 0.0% (10 列)
     收缩 K=10.0: 8634 场, 建矩阵 118s, 逐位置 champ_wr 缺失 0.0% (10 列)
     收缩 K=20.0: 8634 场, 建矩阵 119s, 逐位置 champ_wr 缺失 0.0% (10 列)

post_draft: 112 特征, 8634 场, 切分点 4317…7634, 每折测 1000 场

  fold 1/12 (训  4317, 26s)  baseline 0.6233  K=5 0.6275  K=10 0.6286  K=20 0.6347
  fold 2/12 (训  4618, 27s)  baseline 0.6303  K=5 0.6354  K=10 0.6372  K=20 0.6419
  fold 3/12 (训  4920, 26s)  baseline 0.6266  K=5 0.6388  K=10 0.6466  K=20 0.6344
  fold 4/12 (训  5221, 26s)  baseline 0.6430  K=5 0.6413  K=10 0.6448  K=20 0.6450
  fold 5/12 (训  5523, 27s)  baseline 0.6291  K=5 0.6335  K=10 0.6326  K=20 0.6314
  fold 6/12 (训  5824, 27s)  baseline 0.6152  K=5 0.6167  K=10 0.6156  K=20 0.6206
  fold 7/12 (训  6126, 28s)  baseline 0.6102  K=5 0.6058  K=10 0.6163  K=20 0.6114
  fold 8/12 (训  6427, 28s)  baseline 0.5913  K=5 0.5950  K=10 0.6004  K=20 0.6038
  fold 9/12 (训  6729, 28s)  baseline 0.5938  K=5 0.5992  K=10 0.5998  K=20 0.6033
  fold 10/12 (训  7030, 28s)  baseline 0.6249  K=5 0.6297  K=10 0.6264  K=20 0.6270
  fold 11/12 (训  7332, 29s)  baseline 0.6186  K=5 0.6194  K=10 0.6261  K=20 0.6294
  fold 12/12 (训  7634, 29s)  baseline 0.6265  K=5 0.6290  K=10 0.6274  K=20 0.6284

================================================================
          变体       准确率     Brier       ECE
    baseline    0.6194    0.2313    0.0629
         K=5    0.6226    0.2302    0.0606
        K=10    0.6251    0.2300    0.0615
        K=20    0.6259    0.2296    0.0596

配对 t 检验 (对基线):
       K=5 准确率    Δ=+0.00321  配对SD=0.00411  t=+2.71  -> 采纳(但见多重比较警告)
       K=5 Brier  Δ=+0.00109  配对SD=0.00176  t=+2.15  -> 存疑
       K=5 ECE    Δ=+0.00230  配对SD=0.00431  t=+1.85  -> 存疑
      K=10 准确率    Δ=+0.00575  配对SD=0.00531  t=+3.75  -> 采纳(但见多重比较警告)
      K=10 Brier  Δ=+0.00131  配对SD=0.00115  t=+3.94  -> 采纳(但见多重比较警告)
      K=10 ECE    Δ=+0.00132  配对SD=0.00303  t=+1.51  -> 存疑
      K=20 准确率    Δ=+0.00654  配对SD=0.00450  t=+5.03  -> 采纳(但见多重比较警告)
      K=20 Brier  Δ=+0.00171  配对SD=0.00156  t=+3.79  -> 采纳(但见多重比较警告)
      K=20 ECE    Δ=+0.00327  配对SD=0.00365  t=+3.10  -> 采纳(但见多重比较警告)

================================================================
⚠ 多重比较警告: 本次同时检验了 3 个 K × 3 个指标 = 9 次比较。
  单次 |t| > 2.5 的阈值在这种情况下**偏松**, 上面的'采纳'只应
  当作『值得复核』。正确做法是拿过闸的 K 单独重跑全新的折:
      python research/gate_champ_shrinkage.py --ks 5 --folds 10
      python research/gate_champ_shrinkage.py --ks 10 --folds 10
      python research/gate_champ_shrinkage.py --ks 10 --folds 10
      python research/gate_champ_shrinkage.py --ks 20 --folds 10
      python research/gate_champ_shrinkage.py --ks 20 --folds 10
      python research/gate_champ_shrinkage.py --ks 20 --folds 10

结果已落盘: research/champ_shrinkage_confirm.json
