闸门: champ_wr 收缩 vs >=3 硬阈值
  折数 8  种子 3  K [5.0, 10.0, 20.0]  判据 |t| > 2.5

构建训练矩阵 (每个变体一次)…
       基线(>=3): 8634 场, 建矩阵 118s, 逐位置 champ_wr 缺失 30.5% (10 列)
      收缩 K=5.0: 8634 场, 建矩阵 118s, 逐位置 champ_wr 缺失 0.0% (10 列)
     收缩 K=10.0: 8634 场, 建矩阵 119s, 逐位置 champ_wr 缺失 0.0% (10 列)
     收缩 K=20.0: 8634 场, 建矩阵 121s, 逐位置 champ_wr 缺失 0.0% (10 列)

post_draft: 112 特征, 8634 场, 切分点 4317…7634, 每折测 1000 场

  fold 1/8 (训  4317, 8s)  baseline 0.6270  K=5 0.6283  K=10 0.6320  K=20 0.6283
  fold 2/8 (训  4790, 8s)  baseline 0.6237  K=5 0.6373  K=10 0.6357  K=20 0.6390
  fold 3/8 (训  5264, 8s)  baseline 0.6440  K=5 0.6403  K=10 0.6460  K=20 0.6390
  fold 4/8 (训  5738, 8s)  baseline 0.6140  K=5 0.6173  K=10 0.6110  K=20 0.6180
  fold 5/8 (训  6212, 8s)  baseline 0.5997  K=5 0.6017  K=10 0.6043  K=20 0.5993
  fold 6/8 (训  6686, 8s)  baseline 0.6017  K=5 0.6047  K=10 0.6003  K=20 0.6063
  fold 7/8 (训  7160, 8s)  baseline 0.6127  K=5 0.6267  K=10 0.6210  K=20 0.6200
  fold 8/8 (训  7634, 8s)  baseline 0.6193  K=5 0.6260  K=10 0.6213  K=20 0.6300

================================================================
          变体       准确率     Brier       ECE
    baseline    0.6178    0.2324    0.0634
         K=5    0.6228    0.2307    0.0603
        K=10    0.6215    0.2315    0.0619
        K=20    0.6225    0.2311    0.0592

配对 t 检验 (对基线):
       K=5 准确率    Δ=+0.00504  配对SD=0.00613  t=+2.33  -> 存疑
       K=5 Brier  Δ=+0.00178  配对SD=0.00172  t=+2.93  -> 采纳(但见多重比较警告)
       K=5 ECE    Δ=+0.00314  配对SD=0.00462  t=+1.93  -> 存疑
      K=10 准确率    Δ=+0.00371  配对SD=0.00491  t=+2.13  -> 存疑
      K=10 Brier  Δ=+0.00095  配对SD=0.00161  t=+1.67  -> 存疑
      K=10 ECE    Δ=+0.00156  配对SD=0.00543  t=+0.81  -> 噪声内
      K=20 准确率    Δ=+0.00475  配对SD=0.00640  t=+2.10  -> 存疑
      K=20 Brier  Δ=+0.00129  配对SD=0.00168  t=+2.17  -> 存疑
      K=20 ECE    Δ=+0.00428  配对SD=0.00391  t=+3.09  -> 采纳(但见多重比较警告)

================================================================
⚠ 多重比较警告: 本次同时检验了 3 个 K × 3 个指标 = 9 次比较。
  单次 |t| > 2.5 的阈值在这种情况下**偏松**, 上面的'采纳'只应
  当作『值得复核』。正确做法是拿过闸的 K 单独重跑全新的折:
      python research/gate_champ_shrinkage.py --ks 5 --folds 10
      python research/gate_champ_shrinkage.py --ks 20 --folds 10

结果已落盘: /home/ubuntu/lol/service/research/champ_shrinkage_result.json
